# nvs-server/handlers
handlers\author_misc.go:9:2: "strconv" imported and not used
handlers\author_profile.go:5:2: "io" imported and not used
handlers\author_profile.go:6:2: "net/http" imported and not used
handlers\author_profile.go:7:2: "os" imported and not used
handlers\author_profile.go:8:2: "path/filepath" imported and not used
handlers\author_profile.go:10:2: "strings" imported and not used
handlers\author_profile.go:13:2: "nvs-server/config" imported and not used
handlers\chapter_read.go:4:2: "crypto/sha256" imported and not used
handlers\chapter_read.go:5:2: "encoding/hex" imported and not used
handlers\chapter_read.go:6:2: "encoding/json" imported and not used
handlers\chapter_read.go:6:2: too many errors
